
;NEED A DECENT MAPPING (256 OR 257 BYTES 0X100~0X101)
;BE00 - BF00 (or BF01) =


;END RESULT

;65021 (FDFD)	JP FF34		;ADDRESS OF PUSH POP ROUTINE

;65024(FE00) - 65280(FF00)	;FILLED WITH FDFD ADDRESS OF JUMP

;65332(FF34)-65345(FF41)		;PUSH POP ROUTINE

